// Jest Snapshot v1, https://goo.gl/fbAQLP

exports[`should render diplay lift component correctly 1`] = `
<Connect(DisplayLift)
  liftIndex={0}
  lifts={
    Object {
      "id": 3,
      "name": "Incline Dumbell Press",
      "reps": 10,
      "sets": 3,
      "user_id": 1,
      "weight": 15,
    }
  }
  type="Add"
  workoutIndex={1}
/>
`;
