// Jest Snapshot v1, https://goo.gl/fbAQLP

exports[`should render create Home Page correctly 1`] = `
<div>
  <div>
    <Header />
  </div>
  <div>
    Home
  </div>
</div>
`;
