// Jest Snapshot v1, https://goo.gl/fbAQLP

exports[`should render diplay lift component correctly 1`] = `
<Connect(DisplayLift)
  liftIndex={0}
/>
`;
